// Jest Snapshot v1, https://jestjs.io/docs/snapshot-testing

exports[`Placeholder Screens Snapshots AppointmentsScreen should render correctly 1`] = `null`;

exports[`Placeholder Screens Snapshots DocumentsScreen should render correctly 1`] = `null`;

exports[`Placeholder Screens Snapshots TasksMainScreen should render correctly 1`] = `null`;
